// Jest Snapshot v1, https://goo.gl/fbAQLP

exports[`<AlertModal visible={true}/> should render correctly 1`] = `
[
  <Modal
    animationType="slide"
    hardwareAccelerated={false}
    transparent={true}
    visible={true}
  >
    <View
      style={
        {
          "flex": 1,
          "justifyContent": "center",
        }
      }
    >
      <View
        style={
          {
            "backgroundColor": "white",
            "borderRadius": 10,
            "margin": 10,
            "paddingHorizontal": 15,
            "paddingVertical": 37.5,
          }
        }
      >
        <Text
          style={
            [
              {
                "fontSize": 15,
                "marginBottom": 25,
                "textAlign": "center",
              },
              {
                "color": "#232222",
                "fontSize": 20,
                "fontWeight": "bold",
              },
            ]
          }
        >
          Alerta
        </Text>
        <Text>
          child component
        </Text>
      </View>
    </View>
  </Modal>,
  <View
    style={
      {
        "backgroundColor": "rgba(0,0,0,0.75)",
        "bottom": 0,
        "elevation": 0,
        "left": 0,
        "position": "absolute",
        "right": 0,
        "top": 0,
        "zIndex": 1,
      }
    }
  />,
]
`;
